// Jest Snapshot v1, https://goo.gl/fbAQLP

exports[`Footer Component Should render 1`] = `
NodeList [
  Made with ,
  <span>
    ‚ù§
  </span>,
  , TMDB and React,
]
`;
