// Jest Snapshot v1, https://goo.gl/fbAQLP

exports[`Poster Component should render 1`] = `
.c1 {
  background: #6e9a0b;
  color: #FFF;
  position: absolute;
  padding: 5px;
  border-radius: 100%;
  top: 10px;
  right: 5px;
  z-index: 2;
  width: 36px;
  height: 36px;
  text-align: center;
  text-align: center;
  font-size: 1.6rem;
  line-height: 2.6rem;
  box-shadow: 0 0 1em #000;
}

.c0 {
  position: relative;
  width: 185px;
  height: 330px;
  display: -webkit-box;
  display: -webkit-flex;
  display: -ms-flexbox;
  display: flex;
  -webkit-flex-direction: column;
  -ms-flex-direction: column;
  flex-direction: column;
  background: #196774;
  margin-left: 15px;
  cursor: pointer;
}

.c0:first-child {
  margin-left: 0;
}

.c0:hover img {
  -webkit-transform: scale(1.05);
  -ms-transform: scale(1.05);
  transform: scale(1.05);
}

.c0:hover article {
  background: #6e9a0b;
}

.c2 {
  width: 185px;
  height: 255px;
  position: relative;
  display: -webkit-box;
  display: -webkit-flex;
  display: -ms-flexbox;
  display: flex;
  -webkit-flex-direction: column;
  -ms-flex-direction: column;
  flex-direction: column;
  -webkit-box-pack: center;
  -webkit-justify-content: center;
  -ms-flex-pack: center;
  justify-content: center;
  -webkit-align-items: center;
  -webkit-box-align: center;
  -ms-flex-align: center;
  align-items: center;
  overflow: hidden;
}

.c2 img {
  -webkit-transition: 0.5s;
  transition: 0.5s;
  -webkit-transform: scale(1);
  -ms-transform: scale(1);
  transform: scale(1);
}

.c3 {
  color: #FFF;
  background: #196774;
  font-weight: bold;
  width: 100%;
  height: 75px;
  padding: 10px 5px 5px 5px;
  display: -webkit-box;
  display: -webkit-flex;
  display: -ms-flexbox;
  display: flex;
  -webkit-align-items: center;
  -webkit-box-align: center;
  -ms-flex-align: center;
  align-items: center;
  -webkit-box-pack: center;
  -webkit-justify-content: center;
  -ms-flex-pack: center;
  justify-content: center;
  -webkit-transition: 0.5s;
  transition: 0.5s;
}

.c3 h3 {
  font-size: 1.5rem;
  text-align: center;
  overflow: hidden;
}

<li
  class="c0"
  list="0"
  title="Movie test"
>
  <div
    class="c1"
    data-testid="score"
  >
    8
  </div>
  <div
    class="c2"
  >
    <img
      alt="Movie test"
      src="https://image.tmdb.org/t/p/w185teste.path"
    />
  </div>
  <article
    class="c3"
  >
    <h3>
      Movie test
    </h3>
  </article>
</li>
`;
